<dp.log begin>
Runset Checksum Section
***********************

sky130_lvs_min.rs : 90995eb4eec8e581530805504555c084 : /ecel/UFAD/miguel.sanchez1/Cache/asic/signoff/icv/lvs/sky130_lvs_min.rs
runset : 9355e0a191eec16df75def3ae9c35418

End Runset Checksum Section
***************************

<dp.log end>
<dp.log begin>
FTW N/A
<dp.log end>
<dp.log begin>
skipped fill-opt because no known fill command was scanned
<dp.log end>
../../sky130_lvs_min.rs:109: error: nmos(layers must be connected).  Layer(s) not found in specified connect_sequence.
../../sky130_lvs_min.rs:117: error: pmos(layers must be connected).  Layer(s) not found in specified connect_sequence.
../../sky130_lvs_min.rs:125: error: pmos(layers must be connected).  Layer(s) not found in specified connect_sequence.
../../sky130_lvs_min.rs:142: warning: ICV LVS device settings currently use overwrite mode. Use command line option '-D ICV_ENABLE_DEVICE_SETTING_APPEND_MODE' or runset instruction '#define ICV_ENABLE_DEVICE_SETTING_APPEND_MODE' to enable LVS device setting append mode in this release.
../../sky130_lvs_min.rs:142: warning: Some LVS reports change since 2019.12 release. Set environment variable 'ICV_REVERT_LVS_REPORT_IN_IDENTICAL_STRING' to see old LVS reports.
failed with 3 errors
fix previous errors to continue
